../Core/Src/main.c:80:5:int main()	8	static
../Core/Src/main.c:129:6:void SystemClock_Config()	88	static
../Core/Src/main.c:175:13:void MX_ADC1_Init()	24	static
../Core/Src/main.c:227:13:void MX_I2C1_Init()	8	static
../Core/Src/main.c:261:13:void MX_I2S3_Init()	8	static
../Core/Src/main.c:295:13:void MX_SPI1_Init()	8	static
../Core/Src/main.c:333:13:void MX_TIM11_Init()	8	static
../Core/Src/main.c:364:13:void MX_GPIO_Init()	56	static
../Core/Src/main.c:489:6:void Error_Handler()	4	static,ignoring_inline_asm
../Core/Src/mainCpp.cpp:4:6:void mainCpp()	80	static
