../Core/Src/main.c:121:6:calcDateTime	8	static
../Core/Src/main.c:155:6:displayTimeLcd	8	static
../Core/Src/main.c:176:6:displayDateTimePart	16	static
../Core/Src/main.c:185:5:returnDaysByMonth	4	static
../Core/Src/main.c:211:6:getTemperatureSensorVoltage	8	static
../Core/Src/main.c:220:6:displayCurrentTemperature	8	static
../Core/Src/main.c:233:6:displayAlarmTemperature	8	static
../Core/Src/main.c:252:5:main	56	static
../Core/Src/main.c:320:6:SystemClock_Config	88	static
../Core/Src/main.c:366:13:MX_ADC1_Init	24	static
../Core/Src/main.c:418:13:MX_I2C1_Init	8	static
../Core/Src/main.c:452:13:MX_I2S3_Init	8	static
../Core/Src/main.c:486:13:MX_SPI1_Init	8	static
../Core/Src/main.c:524:13:MX_TIM11_Init	8	static
../Core/Src/main.c:555:13:MX_GPIO_Init	56	static
../Core/Src/main.c:680:6:Error_Handler	4	static,ignoring_inline_asm
