../Core/Src/main.c:78:5:int main()	8	static
../Core/Src/main.c:125:6:void SystemClock_Config()	88	static
../Core/Src/main.c:171:13:void MX_ADC1_Init()	24	static
../Core/Src/main.c:223:13:void MX_I2C1_Init()	8	static
../Core/Src/main.c:257:13:void MX_I2S3_Init()	8	static
../Core/Src/main.c:291:13:void MX_SPI1_Init()	8	static
../Core/Src/main.c:329:13:void MX_GPIO_Init()	56	static
../Core/Src/main.c:454:6:void Error_Handler()	4	static,ignoring_inline_asm
../Core/Src/mainCpp.cpp:3:6:void mainCpp()	4	static
